// Jest Snapshot v1, https://goo.gl/fbAQLP

exports[`renders homepage unchanged 1`] = `
<div>
  <main
    class="flex min-h-screen flex-col items-center justify-between p-24 className"
  >
    <div
      class="z-10 max-w-5xl w-full items-center justify-between font-mono text-sm lg:flex"
    >
      <p
        class="fixed left-0 top-0 flex w-full justify-center border-b border-gray-300 bg-gradient-to-b from-zinc-200 pb-6 pt-8 backdrop-blur-2xl dark:border-neutral-800 dark:bg-zinc-800/30 dark:from-inherit lg:static lg:w-auto lg:rounded-xl lg:border lg:bg-gray-200 lg:p-4 lg:dark:bg-zinc-800/30"
      >
        Get started by editing 
        <code
          class="font-mono font-bold"
        >
          pages/index.js
        </code>
      </p>
      <div
        class="fixed bottom-0 left-0 flex h-48 w-full items-end justify-center bg-gradient-to-t from-white via-white dark:from-black dark:via-black lg:static lg:h-auto lg:w-auto lg:bg-none"
      >
        <a
          class="pointer-events-none flex place-items-center gap-2 p-8 lg:pointer-events-auto lg:p-0"
          href="https://vercel.com?utm_source=create-next-app&utm_medium=default-template-tw&utm_campaign=create-next-app"
          rel="noopener noreferrer"
          target="_blank"
        >
          By
           
          <img
            alt="Vercel Logo"
            class="dark:invert"
            data-nimg="1"
            decoding="async"
            fetchpriority="high"
            height="24"
            src="/vercel.svg"
            style="color: transparent;"
            width="100"
          />
        </a>
      </div>
    </div>
    <div
      class="text-6xl text-center text-white-800 font-bold"
    >
      ¡Hola Mundo!
    </div>
    <div
      class="mb-32 grid text-center lg:max-w-5xl lg:w-full lg:mb-0 lg:grid-cols-4 lg:text-left"
    >
      <a
        class="group rounded-lg border border-transparent px-5 py-4 transition-colors hover:border-gray-300 hover:bg-gray-100 hover:dark:border-neutral-700 hover:dark:bg-neutral-800/30"
        href="https://nextjs.org/docs?utm_source=create-next-app&utm_medium=default-template-tw&utm_campaign=create-next-app"
        rel="noopener noreferrer"
        target="_blank"
      >
        <h2
          class="mb-3 text-2xl font-semibold"
        >
          Docs
           
          <span
            class="inline-block transition-transform group-hover:translate-x-1 motion-reduce:transform-none"
          >
            -&gt;
          </span>
        </h2>
        <p
          class="m-0 max-w-[30ch] text-sm opacity-50"
        >
          Find in-depth information about Next.js features and API.
        </p>
      </a>
    </div>
    <a
      class="group rounded-lg border border-transparent px-5 py-4 transition-colors hover:border-gray-300 hover:bg-gray-100 hover:dark:border-neutral-700 hover:dark:bg-neutral-800/30"
      href="https://nextjs.org/learn?utm_source=create-next-app&utm_medium=default-template-tw&utm_campaign=create-next-app"
      rel="noopener noreferrer"
      target="_blank"
    >
      <h2
        class="mb-3 text-2xl font-semibold"
      >
        Learn
         
        <span
          class="inline-block transition-transform group-hover:translate-x-1 motion-reduce:transform-none"
        >
          -&gt;
        </span>
      </h2>
      <p
        class="m-0 max-w-[30ch] text-sm opacity-50"
      >
        Learn about Next.js in an interactive course with quizzes!
      </p>
    </a>
    <a
      class="group rounded-lg border border-transparent px-5 py-4 transition-colors hover:border-gray-300 hover:bg-gray-100 hover:dark:border-neutral-700 hover:dark:bg-neutral-800/30"
      href="https://vercel.com/templates?framework=next.js&utm_source=create-next-app&utm_medium=default-template-tw&utm_campaign=create-next-app"
      rel="noopener noreferrer"
      target="_blank"
    >
      <h2
        class="mb-3 text-2xl font-semibold"
      >
        Templates
         
        <span
          class="inline-block transition-transform group-hover:translate-x-1 motion-reduce:transform-none"
        >
          -&gt;
        </span>
      </h2>
      <p
        class="m-0 max-w-[30ch] text-sm opacity-50"
      >
        Discover and deploy boilerplate example Next.js projects.
      </p>
    </a>
    <a
      class="group rounded-lg border border-transparent px-5 py-4 transition-colors hover:border-gray-300 hover:bg-gray-100 hover:dark:border-neutral-700 hover:dark:bg-neutral-800/30"
      href="https://vercel.com/new?utm_source=create-next-app&utm_medium=default-template-tw&utm_campaign=create-next-app"
      rel="noopener noreferrer"
      target="_blank"
    >
      <h2
        class="mb-3 text-2xl font-semibold"
      >
        Deploy
         
        <span
          class="inline-block transition-transform group-hover:translate-x-1 motion-reduce:transform-none"
        >
          -&gt;
        </span>
      </h2>
      <p
        class="m-0 max-w-[30ch] text-sm opacity-50 text-balance"
      >
        Instantly deploy your Next.js site to a shareable URL with Vercel.
      </p>
    </a>
  </main>
</div>
`;
